cargo :     Blocking waiting 
for file lock on artifact 
directory
At line:1 char:1
+ cargo test --test 
oracle_test 2> errors.txt
+ ~~~~~~~~~~~~~~~~~~~~~~~~~~~~
~~~~~~~~~~~~~~~
    + CategoryInfo          : 
    NotSpecified: (    Block  
  ing wa...ifact directory:   
 String) [], RemoteExcepti    
on
    + FullyQualifiedErrorId : 
    NativeCommandError
 
warning: unused imports: 
`String` and `symbol_short`
 --> src\lib.rs:3:74
  |
3 | ...ontractclient, 
contracterror, contractimpl, 
contracttype, symbol_short, 
t...
  |                           
                              
     ^^^^^^^^^^^^
4 | ...v, String, Symbol, Vec,
  |       ^^^^^^
  |
  = note: 
`#[warn(unused_imports)]` 
(part of `#[warn(unused)]`) 
on by default

warning: variable does not 
need to be mutable
   --> src\lib.rs:711:13
    |
711 | ...et mut 
active_members: V...
    |       ----^^^^^^^^^^^^^^
    |       |
    |       help: remove this 
`mut`
    |
    = note: 
`#[warn(unused_mut)]` (part 
of `#[warn(unused)]`) on by 
default

warning: unused variable: 
`token_client`
   --> src\lib.rs:707:13
    |
707 | ...et token_client = ...
    |       ^^^^^^^^^^^^ 
help: if this is intentional, 
prefix it with an underscore: 
`_token_client`
    |
    = note: 
`#[warn(unused_variables)]` 
(part of `#[warn(unused)]`) 
on by default

warning: unused variable: 
`active_members`
   --> src\lib.rs:711:13
    |
711 | ...et mut 
active_members: V...
    |       
^^^^^^^^^^^^^^^^^^ help: if 
this is intentional, prefix 
it with an underscore: 
`_active_members`

warning: unused variable: `i`
   --> src\lib.rs:712:13
    |
712 | ...   for i in 0..cir...
    |           ^ help: if 
this is intentional, prefix 
it with an underscore: `_i`

warning: `sorosusu-contracts` 
(lib) generated 5 warnings 
(run `cargo fix --lib -p 
sorosusu-contracts` to apply 
5 suggestions)
   Compiling 
sorosusu-contracts v0.1.0 (C:\
Users\USER\sorosusu-contracts)
error[E0428]: the name 
`__mint` is defined multiple 
times
  --> 
tests\oracle_test.rs:17:1
   |
 8 | #[contractimpl]
   | --------------- previous 
definition of the module 
`__mint` here
...
17 | #[contractimpl]
   | ^^^^^^^^^^^^^^^ `__mint` 
redefined here
   |
   = note: `__mint` must be 
defined only once in the type 
namespace of this module
   = note: this error 
originates in the attribute 
macro `contractimpl` (in 
Nightly builds, run with -Z 
macro-backtrace for more info)

error[E0428]: the name 
`__SPEC_XDR_FN_MINT` is 
defined multiple times
  --> 
tests\oracle_test.rs:17:1
   |
 8 | #[contractimpl]
   | --------------- previous 
definition of the value 
`__SPEC_XDR_FN_MINT` here
...
17 | #[contractimpl]
   | ^^^^^^^^^^^^^^^ 
`__SPEC_XDR_FN_MINT` 
redefined here
   |
   = note: 
`__SPEC_XDR_FN_MINT` must be 
defined only once in the 
value namespace of this module
   = note: this error 
originates in the attribute 
macro 
`soroban_sdk::contractspecfn` 
(in Nightly builds, run with 
-Z macro-backtrace for more 
info)

warning: use of deprecated 
method `soroban_sdk::Env::regi
ster_stellar_asset_contract`: 
use [Env::register_stellar_ass
et_contract_v2]
  --> 
tests\oracle_test.rs:36:24
   |
36 |     let token_id = env.re
gister_stellar_asset_contract(
token_admin.clone());
   |                        ^^
^^^^^^^^^^^^^^^^^^^^^^^^^^^^^
   |
   = note: 
`#[warn(deprecated)]` on by 
default

error[E0599]: no method named 
`set_timestamp` found for 
struct 
`soroban_sdk::ledger::Ledger` 
in the current scope
   --> 
tests\oracle_test.rs:63:18
    |
 63 |     env.ledger().set_tim
estamp(env.ledger().timestamp(
) + 100000); // Past deadline
    |                  
^^^^^^^^^^^^^
    |
   ::: C:\Users\USER\.cargo\re
gistry\src\index.crates.io-194
9cf8c6b5b557f\soroban-sdk-21.7
.7\src\testutils.rs:231:8
    |
231 |     fn 
set_timestamp(&self, 
timestamp: u64);
    |        ------------- 
the method is available for 
`soroban_sdk::ledger::Ledger` 
here
    |
    = help: items from traits 
can only be used if the trait 
is in scope
help: there is a method 
`timestamp` with a similar 
name, but with different 
arguments
   --> C:\Users\USER\.cargo\re
gistry\src\index.crates.io-194
9cf8c6b5b557f\soroban-sdk-21.7
.7\src\ledger.rs:87:5
    |
 87 |     pub fn 
timestamp(&self) -> u64 {
    |     
^^^^^^^^^^^^^^^^^^^^^^^^^^^^^^
help: trait `Ledger` which 
provides `set_timestamp` is 
implemented but not in scope; 
perhaps you want to import it
    |
  2 + use soroban_sdk::testuti
ls::Ledger;
    |

warning: use of deprecated 
method `soroban_sdk::Env::regi
ster_stellar_asset_contract`: 
use [Env::register_stellar_ass
et_contract_v2]
  --> 
tests\oracle_test.rs:96:24
   |
96 |     let token_id = env.re
gister_stellar_asset_contract(
token_admin.clone());
   |                        ^^
^^^^^^^^^^^^^^^^^^^^^^^^^^^^^

error[E0599]: no method named 
`set_timestamp` found for 
struct 
`soroban_sdk::ledger::Ledger` 
in the current scope
   --> 
tests\oracle_test.rs:124:22
    |
124 |         env.ledger().set
_timestamp(env.ledger().timest
amp() + cycle_duration);
    |                      
^^^^^^^^^^^^^
    |
   ::: C:\Users\USER\.cargo\re
gistry\src\index.crates.io-194
9cf8c6b5b557f\soroban-sdk-21.7
.7\src\testutils.rs:231:8
    |
231 |     fn 
set_timestamp(&self, 
timestamp: u64);
    |        ------------- 
the method is available for 
`soroban_sdk::ledger::Ledger` 
here
    |
    = help: items from traits 
can only be used if the trait 
is in scope
help: there is a method 
`timestamp` with a similar 
name, but with different 
arguments
   --> C:\Users\USER\.cargo\re
gistry\src\index.crates.io-194
9cf8c6b5b557f\soroban-sdk-21.7
.7\src\ledger.rs:87:5
    |
 87 |     pub fn 
timestamp(&self) -> u64 {
    |     
^^^^^^^^^^^^^^^^^^^^^^^^^^^^^^
help: trait `Ledger` which 
provides `set_timestamp` is 
implemented but not in scope; 
perhaps you want to import it
    |
  2 + use soroban_sdk::testuti
ls::Ledger;
    |

warning: unused import: 
`SoroSusuTrait`
 --> tests\oracle_test.rs:3:52
  |
3 | use sorosusu_contracts::{S
oroSusu, SoroSusuClient, 
SoroSusuTrait};
  |                           
                         
^^^^^^^^^^^^^
  |
  = note: 
`#[warn(unused_imports)]` 
(part of `#[warn(unused)]`) 
on by default

Some errors have detailed 
explanations: E0428, E0599.
For more information about an 
error, try `rustc --explain 
E0428`.
warning: `sorosusu-contracts` 
(test "oracle_test") 
generated 3 warnings
error: could not compile 
`sorosusu-contracts` (test 
"oracle_test") due to 4 
previous errors; 3 warnings 
emitted
