cargo : warning: unused 
variable: `token_client`
At line:1 char:1
+ cargo test --test 
oracle_test -- --nocapture 
2>&1 | tee test_output.t ...
+ ~~~~~~~~~~~~~~~~~~~~~~~~~~~~
~~~~~~~~~~~~~~~~~~~~~
    + CategoryInfo          : 
    NotSpecified: (warning:   
  unused variable: `token_c   
 lient`:String) [], Remote    
Exception
    + FullyQualifiedErrorId : 
    NativeCommandError
 
   --> src\lib.rs:707:13
    |
707 | ...et token_client = ...
    |       ^^^^^^^^^^^^ 
help: if this is intentional, 
prefix it with an underscore: 
`_token_client`
    |
    = note: 
`#[warn(unused_variables)]` 
(part of `#[warn(unused)]`) 
on by default

warning: `sorosusu-contracts` 
(lib) generated 1 warning 
(run `cargo fix --lib -p 
sorosusu-contracts` to apply 
1 suggestion)
warning: use of deprecated 
method `soroban_sdk::Env::regi
ster_stellar_asset_contract`: 
use [Env::register_stellar_ass
et_contract_v2]
  --> 
tests\oracle_test.rs:42:24
   |
42 | ...nv.register_stellar_as
set_contract(to...
   |       ^^^^^^^^^^^^^^^^^^^
^^^^^^^^^^^^
   |
   = note: 
`#[warn(deprecated)]` on by 
default

warning: use of deprecated 
method `soroban_sdk::Env::regi
ster_stellar_asset_contract`: 
use [Env::register_stellar_ass
et_contract_v2]
   --> 
tests\oracle_test.rs:102:24
    |
102 | ...nv.register_stellar_a
sset_contract(to...
    |       ^^^^^^^^^^^^^^^^^^
^^^^^^^^^^^^^

warning: `sorosusu-contracts` 
(test "oracle_test") 
generated 2 warnings
    Finished `test` profile 
[unoptimized + debuginfo] 
target(s) in 0.42s
     Running 
tests\oracle_test.rs (target\d
ebug\deps\oracle_test-0dd1662c
67dd65cc.exe)

running 2 tests

thread 'test_badge_minting_aft
er_long_cycle' (7424) 
panicked at C:\Users\USER\.car
go\registry\src\index.crates.i
o-1949cf8c6b5b557f\soroban-env
-host-21.2.1\src\host.rs:768:9
:
HostError: Error(WasmVm, 
InvalidAction)

Event log (newest first):
   0: [Diagnostic Event] 
topics:[error, Error(WasmVm, 
InvalidAction)], 
data:"escalating error to 
panic"
   1: [Diagnostic Event] 
topics:[error, Error(WasmVm, 
InvalidAction)], 
data:["contract call failed", 
claim_pot, [CAAAAAAAAAAAAAAAAA
AAAAAAAAAAAAAAAAAAAAAAAAAAAAAA
AAAARQG5, 1]]
   2: [Failed Diagnostic 
Event (not emitted)] contract:
CAAAAAAAAAAAAAAAAAAAAAAAAAAAAA
AAAAAAAAAAAAAAAAAAAAAAHK3M, 
topics:[error, Error(WasmVm, 
InvalidAction)], data:"caught 
error from function"
   3: [Failed Diagnostic 
Event (not emitted)] contract:
CAAAAAAAAAAAAAAAAAAAAAAAAAAAAA
AAAAAAAAAAAAAAAAAAAAAAHK3M, 
topics:[log], data:["caught 
panic 'called 
`Result::unwrap()` on an 
`Err` value: HostError: 
Error(Value, 
InvalidInput)\n\nEvent log 
(newest first):\n   0: 
[Diagnostic Event] contract:CA
AAAAAAAAAAAAAAAAAAAAAAAAAAAAAA
AAAAAAAAAAAAAAAAAAAAHK3M, 
topics:[error, Error(Value, 
InvalidInput)], data:["byte 
is not allowed in Symbol", 
58]\n   1: [Diagnostic Event] 
contract:CACMVW2KK4H5FZDFF2AUC
AKQTEJMZZWJUIZF23XMRVYQBSXYLHZ
6BKWN, topics:[fn_return, 
transfer], data:Void\n   2: 
[Contract Event] contract:CACM
VW2KK4H5FZDFF2AUCAKQTEJMZZWJUI
ZF23XMRVYQBSXYLHZ6BKWN, 
topics:[transfer, CAAAAAAAAAAA
AAAAAAAAAAAAAAAAAAAAAAAAAAAAAA
AAAAAAAAAAHK3M, CAAAAAAAAAAAAA
AAAAAAAAAAAAAAAAAAAAAAAAAAAAAA
AAAAAAAARQG5, "aaa:GAAAAAAAAAA
AAAAAAAAAAAAAAAAAAAAAAAAAAAAAA
AAAAAAAAAAANHUF"], 
data:1000000000\n   3: 
[Diagnostic Event] contract:CA
AAAAAAAAAAAAAAAAAAAAAAAAAAAAAA
AAAAAAAAAAAAAAAAAAAAHK3M, 
topics:[fn_call, Bytes(04cadb4
a570fd2e4652e814101509912cce6c
9a2325d6eec8d7100caf859f3e0), 
transfer], data:[CAAAAAAAAAAAA
AAAAAAAAAAAAAAAAAAAAAAAAAAAAAA
AAAAAAAAAHK3M, CAAAAAAAAAAAAAA
AAAAAAAAAAAAAAAAAAAAAAAAAAAAAA
AAAAAAARQG5, 1000000000]\n   
4: [Diagnostic Event] 
topics:[fn_call, Bytes(0000000
000000000000000000000000000000
000000000000000000000000003), 
claim_pot], data:[CAAAAAAAAAAA
AAAAAAAAAAAAAAAAAAAAAAAAAAAAAA
AAAAAAAAAARQG5, 1]\n   5: 
[Diagnostic Event] contract:CA
AAAAAAAAAAAAAAAAAAAAAAAAAAAAAA
AAAAAAAAAAAAAAAAAAAAHK3M, 
topics:[fn_return, 
finalize_round], data:Void\n  
 6: [Diagnostic Event] 
topics:[fn_call, Bytes(0000000
000000000000000000000000000000
000000000000000000000000003), 
finalize_round], data:[CAAAAAA
AAAAAAAAAAAAAAAAAAAAAAAAAAAAAA
AAAAAAAAAAAAAAAFCT4, 1]\n   
7: [Diagnostic Event] contract
:CAAAAAAAAAAAAAAAAAAAAAAAAAAAA
AAAAAAAAAAAAAAAAAAAAAAAHK3M, 
topics:[fn_return, deposit], 
data:Void\n   8: [Diagnostic 
Event] contract:CACMVW2KK4H5FZ
DFF2AUCAKQTEJMZZWJUIZF23XMRVYQ
BSXYLHZ6BKWN, 
topics:[fn_return, transfer], 
data:Void\n   9: [Contract 
Event] contract:CACMVW2KK4H5FZ
DFF2AUCAKQTEJMZZWJUIZF23XMRVYQ
BSXYLHZ6BKWN, 
topics:[transfer, CAAAAAAAAAAA
AAAAAAAAAAAAAAAAAAAAAAAAAAAAAA
AAAAAAAAAARQG5, CAAAAAAAAAAAAA
AAAAAAAAAAAAAAAAAAAAAAAAAAAAAA
AAAAAAAAHK3M, "aaa:GAAAAAAAAAA
AAAAAAAAAAAAAAAAAAAAAAAAAAAAAA
AAAAAAAAAAANHUF"], 
data:500000000\n   10: 
[Diagnostic Event] contract:CA
AAAAAAAAAAAAAAAAAAAAAAAAAAAAAA
AAAAAAAAAAAAAAAAAAAAHK3M, 
topics:[fn_call, Bytes(04cadb4
a570fd2e4652e814101509912cce6c
9a2325d6eec8d7100caf859f3e0), 
transfer], data:[CAAAAAAAAAAAA
AAAAAAAAAAAAAAAAAAAAAAAAAAAAAA
AAAAAAAAARQG5, CAAAAAAAAAAAAAA
AAAAAAAAAAAAAAAAAAAAAAAAAAAAAA
AAAAAAAHK3M, 500000000]\n   
11: [Diagnostic Event] 
topics:[fn_call, Bytes(0000000
000000000000000000000000000000
000000000000000000000000003), 
deposit], data:[CAAAAAAAAAAAAA
AAAAAAAAAAAAAAAAAAAAAAAAAAAAAA
AAAAAAAARQG5, 1]\n   12: 
[Diagnostic Event] contract:CA
AAAAAAAAAAAAAAAAAAAAAAAAAAAAAA
AAAAAAAAAAAAAAAAAAAAHK3M, 
topics:[fn_return, deposit], 
data:Void\n   13: [Diagnostic 
Event] contract:CACMVW2KK4H5FZ
DFF2AUCAKQTEJMZZWJUIZF23XMRVYQ
BSXYLHZ6BKWN, 
topics:[fn_return, transfer], 
data:Void\n   14: [Contract 
Event] contract:CACMVW2KK4H5FZ
DFF2AUCAKQTEJMZZWJUIZF23XMRVYQ
BSXYLHZ6BKWN, 
topics:[transfer, CAAAAAAAAAAA
AAAAAAAAAAAAAAAAAAAAAAAAAAAAAA
AAAAAAAAAAFCT4, CAAAAAAAAAAAAA
AAAAAAAAAAAAAAAAAAAAAAAAAAAAAA
AAAAAAAAHK3M, "aaa:GAAAAAAAAAA
AAAAAAAAAAAAAAAAAAAAAAAAAAAAAA
AAAAAAAAAAANHUF"], 
data:500000000\n   15: 
[Diagnostic Event] contract:CA
AAAAAAAAAAAAAAAAAAAAAAAAAAAAAA
AAAAAAAAAAAAAAAAAAAAHK3M, 
topics:[fn_call, Bytes(04cadb4
a570fd2e4652e814101509912cce6c
9a2325d6eec8d7100caf859f3e0), 
transfer], data:[CAAAAAAAAAAAA
AAAAAAAAAAAAAAAAAAAAAAAAAAAAAA
AAAAAAAAAFCT4, CAAAAAAAAAAAAAA
AAAAAAAAAAAAAAAAAAAAAAAAAAAAAA
AAAAAAAHK3M, 500000000]\n   
16: [Diagnostic Event] 
topics:[fn_call, Bytes(0000000
000000000000000000000000000000
000000000000000000000000003), 
deposit], data:[CAAAAAAAAAAAAA
AAAAAAAAAAAAAAAAAAAAAAAAAAAAAA
AAAAAAAAFCT4, 1]\n   17: 
[Diagnostic Event] contract:CA
AAAAAAAAAAAAAAAAAAAAAAAAAAAAAA
AAAAAAAAAAAAAAAAAAAAHK3M, 
topics:[fn_return, 
claim_pot], data:Void\n   18: 
[Diagnostic Event] contract:CA
CMVW2KK4H5FZDFF2AUCAKQTEJMZZWJ
UIZF23XMRVYQBSXYLHZ6BKWN, 
topics:[fn_return, transfer], 
data:Void\n   19: [Contract 
Event] contract:CACMVW2KK4H5FZ
DFF2AUCAKQTEJMZZWJUIZF23XMRVYQ
BSXYLHZ6BKWN, 
topics:[transfer, CAAAAAAAAAAA
AAAAAAAAAAAAAAAAAAAAAAAAAAAAAA
AAAAAAAAAAHK3M, CAAAAAAAAAAAAA
AAAAAAAAAAAAAAAAAAAAAAAAAAAAAA
AAAAAAAAFCT4, "aaa:GAAAAAAAAAA
AAAAAAAAAAAAAAAAAAAAAAAAAAAAAA
AAAAAAAAAAANHUF"], 
data:1000000000\n   20: 
[Diagnostic Event] contract:CA
AAAAAAAAAAAAAAAAAAAAAAAAAAAAAA
AAAAAAAAAAAAAAAAAAAAHK3M, 
topics:[fn_call, Bytes(04cadb4
a570fd2e4652e814101509912cce6c
9a2325d6eec8d7100caf859f3e0), 
transfer], data:[CAAAAAAAAAAAA
AAAAAAAAAAAAAAAAAAAAAAAAAAAAAA
AAAAAAAAAHK3M, CAAAAAAAAAAAAAA
AAAAAAAAAAAAAAAAAAAAAAAAAAAAAA
AAAAAAAFCT4, 1000000000]\n   
21: [Diagnostic Event] 
topics:[fn_call, Bytes(0000000
000000000000000000000000000000
000000000000000000000000003), 
claim_pot], data:[CAAAAAAAAAAA
AAAAAAAAAAAAAAAAAAAAAAAAAAAAAA
AAAAAAAAAAFCT4, 1]\n   22: 
[Diagnostic Event] contract:CA
AAAAAAAAAAAAAAAAAAAAAAAAAAAAAA
AAAAAAAAAAAAAAAAAAAAHK3M, 
topics:[fn_return, 
finalize_round], data:Void\n  
 23: [Diagnostic Event] 
topics:[fn_call, Bytes(0000000
000000000000000000000000000000
000000000000000000000000003), 
finalize_round], data:[CAAAAAA
AAAAAAAAAAAAAAAAAAAAAAAAAAAAAA
AAAAAAAAAAAAAAAFCT4, 1]\n   
24: [Diagnostic Event] contrac
t:CAAAAAAAAAAAAAAAAAAAAAAAAAAA
AAAAAAAAAAAAAAAAAAAAAAAAHK3M, 
topics:[fn_return, deposit], 
data:Void\n   25: ... 34 
events elided 
...\n\nBacktrace (newest 
first):\n   0: <unknown>\n   
1: <unknown>\n   2: 
<unknown>\n   3: <unknown>\n  
 4: <unknown>\n   5: 
<unknown>\n   6: <unknown>\n  
 7: <unknown>\n   8: 
<unknown>\n   9: <unknown>\n  
10: <unknown>\n  11: 
<unknown>\n  12: <unknown>\n  
13: <unknown>\n  14: 
<unknown>\n  15: <unknown>\n  
16: <unknown>\n  17: 
<unknown>\n  18: <unknown>\n  
19: <unknown>\n  20: 
<unknown>\n  21: <unknown>\n  
22: <unknown>\n  23: 
<unknown>\n  24: <unknown>\n  
25: <unknown>\n  26: 
<unknown>\n  27: <unknown>\n  
28: <unknown>\n  29: 
<unknown>\n  30: <unknown>\n  
31: <unknown>\n  32: 
<unknown>\n  33: <unknown>\n  
34: <unknown>\n  35: 
<unknown>\n  36: <unknown>\n  
37: <unknown>\n  38: 
<unknown>\n  39: <unknown>\n  
40: <unknown>\n  41: 
<unknown>\n  42: <unknown>\n  
43: <unknown>\n  44: 
<unknown>\n  45: <unknown>\n  
46: <unknown>\n  47: 
<unknown>\n  48: <unknown>\n  
49: <unknown>\n  50: 
<unknown>\n  51: <unknown>\n  
52: <unknown>\n  53: 
BaseThreadInitThunk\n  54: 
RtlUserThreadStart\n\n' from 
contract function 
'Symbol(claim_pot)'", CAAAAAAA
AAAAAAAAAAAAAAAAAAAAAAAAAAAAAA
AAAAAAAAAAAAAARQG5, 1]
   4: [Failed Diagnostic 
Event (not emitted)] contract:
CAAAAAAAAAAAAAAAAAAAAAAAAAAAAA
AAAAAAAAAAAAAAAAAAAAAAHK3M, 
topics:[error, Error(Value, 
InvalidInput)], data:["byte 
is not allowed in Symbol", 58]
   5: [Failed Diagnostic 
Event (not emitted)] contract:
CACMVW2KK4H5FZDFF2AUCAKQTEJMZZ
WJUIZF23XMRVYQBSXYLHZ6BKWN, 
topics:[fn_return, transfer], 
data:Void
   6: [Failed Contract Event 
(not emitted)] contract:CACMVW
2KK4H5FZDFF2AUCAKQTEJMZZWJUIZF
23XMRVYQBSXYLHZ6BKWN, 
topics:[transfer, CAAAAAAAAAAA
AAAAAAAAAAAAAAAAAAAAAAAAAAAAAA
AAAAAAAAAAHK3M, CAAAAAAAAAAAAA
AAAAAAAAAAAAAAAAAAAAAAAAAAAAAA
AAAAAAAARQG5, "aaa:GAAAAAAAAAA
AAAAAAAAAAAAAAAAAAAAAAAAAAAAAA
AAAAAAAAAAANHUF"], 
data:1000000000
   7: [Failed Diagnostic 
Event (not emitted)] contract:
CAAAAAAAAAAAAAAAAAAAAAAAAAAAAA
AAAAAAAAAAAAAAAAAAAAAAHK3M, 
topics:[fn_call, Bytes(04cadb4
a570fd2e4652e814101509912cce6c
9a2325d6eec8d7100caf859f3e0), 
transfer], data:[CAAAAAAAAAAAA
AAAAAAAAAAAAAAAAAAAAAAAAAAAAAA
AAAAAAAAAHK3M, CAAAAAAAAAAAAAA
AAAAAAAAAAAAAAAAAAAAAAAAAAAAAA
AAAAAAARQG5, 1000000000]
   8: [Diagnostic Event] 
topics:[fn_call, Bytes(0000000
000000000000000000000000000000
000000000000000000000000003), 
claim_pot], data:[CAAAAAAAAAAA
AAAAAAAAAAAAAAAAAAAAAAAAAAAAAA
AAAAAAAAAARQG5, 1]
   9: [Diagnostic Event] contr
act:CAAAAAAAAAAAAAAAAAAAAAAAAA
AAAAAAAAAAAAAAAAAAAAAAAAAAHK3M
, topics:[fn_return, 
finalize_round], data:Void
   10: [Diagnostic Event] 
topics:[fn_call, Bytes(0000000
000000000000000000000000000000
000000000000000000000000003), 
finalize_round], data:[CAAAAAA
AAAAAAAAAAAAAAAAAAAAAAAAAAAAAA
AAAAAAAAAAAAAAAFCT4, 1]
   11: [Diagnostic Event] cont
ract:CAAAAAAAAAAAAAAAAAAAAAAAA
AAAAAAAAAAAAAAAAAAAAAAAAAAAHK3
M, topics:[fn_return, 
deposit], data:Void
   12: [Diagnostic Event] cont
ract:CACMVW2KK4H5FZDFF2AUCAKQT
EJMZZWJUIZF23XMRVYQBSXYLHZ6BKW
N, topics:[fn_return, 
transfer], data:Void
   13: [Contract Event] contra
ct:CACMVW2KK4H5FZDFF2AUCAKQTEJ
MZZWJUIZF23XMRVYQBSXYLHZ6BKWN,
 topics:[transfer, CAAAAAAAAAA
AAAAAAAAAAAAAAAAAAAAAAAAAAAAAA
AAAAAAAAAAARQG5, CAAAAAAAAAAAA
AAAAAAAAAAAAAAAAAAAAAAAAAAAAAA
AAAAAAAAAHK3M, "aaa:GAAAAAAAAA
AAAAAAAAAAAAAAAAAAAAAAAAAAAAAA
AAAAAAAAAAAANHUF"], 
data:500000000
   14: [Diagnostic Event] cont
ract:CAAAAAAAAAAAAAAAAAAAAAAAA
AAAAAAAAAAAAAAAAAAAAAAAAAAAHK3
M, topics:[fn_call, Bytes(04ca
db4a570fd2e4652e814101509912cc
e6c9a2325d6eec8d7100caf859f3e0
), transfer], data:[CAAAAAAAAA
AAAAAAAAAAAAAAAAAAAAAAAAAAAAAA
AAAAAAAAAAAARQG5, CAAAAAAAAAAA
AAAAAAAAAAAAAAAAAAAAAAAAAAAAAA
AAAAAAAAAAHK3M, 500000000]
   15: [Diagnostic Event] 
topics:[fn_call, Bytes(0000000
000000000000000000000000000000
000000000000000000000000003), 
deposit], data:[CAAAAAAAAAAAAA
AAAAAAAAAAAAAAAAAAAAAAAAAAAAAA
AAAAAAAARQG5, 1]
   16: [Diagnostic Event] cont
ract:CAAAAAAAAAAAAAAAAAAAAAAAA
AAAAAAAAAAAAAAAAAAAAAAAAAAAHK3
M, topics:[fn_return, 
deposit], data:Void
   17: [Diagnostic Event] cont
ract:CACMVW2KK4H5FZDFF2AUCAKQT
EJMZZWJUIZF23XMRVYQBSXYLHZ6BKW
N, topics:[fn_return, 
transfer], data:Void
   18: [Contract Event] contra
ct:CACMVW2KK4H5FZDFF2AUCAKQTEJ
MZZWJUIZF23XMRVYQBSXYLHZ6BKWN,
 topics:[transfer, CAAAAAAAAAA
AAAAAAAAAAAAAAAAAAAAAAAAAAAAAA
AAAAAAAAAAAFCT4, CAAAAAAAAAAAA
AAAAAAAAAAAAAAAAAAAAAAAAAAAAAA
AAAAAAAAAHK3M, "aaa:GAAAAAAAAA
AAAAAAAAAAAAAAAAAAAAAAAAAAAAAA
AAAAAAAAAAAANHUF"], 
data:500000000
   19: [Diagnostic Event] cont
ract:CAAAAAAAAAAAAAAAAAAAAAAAA
AAAAAAAAAAAAAAAAAAAAAAAAAAAHK3
M, topics:[fn_call, Bytes(04ca
db4a570fd2e4652e814101509912cc
e6c9a2325d6eec8d7100caf859f3e0
), transfer], data:[CAAAAAAAAA
AAAAAAAAAAAAAAAAAAAAAAAAAAAAAA
AAAAAAAAAAAAFCT4, CAAAAAAAAAAA
AAAAAAAAAAAAAAAAAAAAAAAAAAAAAA
AAAAAAAAAAHK3M, 500000000]
   20: [Diagnostic Event] 
topics:[fn_call, Bytes(0000000
000000000000000000000000000000
000000000000000000000000003), 
deposit], data:[CAAAAAAAAAAAAA
AAAAAAAAAAAAAAAAAAAAAAAAAAAAAA
AAAAAAAAFCT4, 1]
   21: [Diagnostic Event] cont
ract:CAAAAAAAAAAAAAAAAAAAAAAAA
AAAAAAAAAAAAAAAAAAAAAAAAAAAHK3
M, topics:[fn_return, 
claim_pot], data:Void
   22: [Diagnostic Event] cont
ract:CACMVW2KK4H5FZDFF2AUCAKQT
EJMZZWJUIZF23XMRVYQBSXYLHZ6BKW
N, topics:[fn_return, 
transfer], data:Void
   23: [Contract Event] contra
ct:CACMVW2KK4H5FZDFF2AUCAKQTEJ
MZZWJUIZF23XMRVYQBSXYLHZ6BKWN,
 topics:[transfer, CAAAAAAAAAA
AAAAAAAAAAAAAAAAAAAAAAAAAAAAAA
AAAAAAAAAAAHK3M, CAAAAAAAAAAAA
AAAAAAAAAAAAAAAAAAAAAAAAAAAAAA
AAAAAAAAAFCT4, "aaa:GAAAAAAAAA
AAAAAAAAAAAAAAAAAAAAAAAAAAAAAA
AAAAAAAAAAAANHUF"], 
data:1000000000
   24: [Diagnostic Event] cont
ract:CAAAAAAAAAAAAAAAAAAAAAAAA
AAAAAAAAAAAAAAAAAAAAAAAAAAAHK3
M, topics:[fn_call, Bytes(04ca
db4a570fd2e4652e814101509912cc
e6c9a2325d6eec8d7100caf859f3e0
), transfer], data:[CAAAAAAAAA
AAAAAAAAAAAAAAAAAAAAAAAAAAAAAA
AAAAAAAAAAAAHK3M, CAAAAAAAAAAA
AAAAAAAAAAAAAAAAAAAAAAAAAAAAAA
AAAAAAAAAAFCT4, 1000000000]
   25: ... 38 events elided 
...

Backtrace (newest first):
   0: <unknown>
   1: <unknown>
   2: <unknown>
   3: <unknown>
   4: <unknown>
   5: <unknown>
   6: <unknown>
   7: <unknown>
   8: <unknown>
   9: <unknown>
  10: <unknown>
  11: <unknown>
  12: <unknown>
  13: <unknown>
  14: <unknown>
  15: <unknown>
  16: <unknown>
  17: <unknown>
  18: <unknown>
  19: <unknown>
  20: <unknown>
  21: <unknown>
  22: <unknown>
  23: <unknown>
  24: <unknown>
  25: <unknown>
  26: <unknown>
  27: BaseThreadInitThunk
  28: RtlUserThreadStart


note: run with 
`RUST_BACKTRACE=1` 
environment variable to 
display a backtrace
Oracle Reliability Score Test Passed!
Writing test snapshot file 
for test "test_badge_minting_a
fter_long_cycle" to "test_snap
shots\\test_badge_minting_afte
r_long_cycle.1.json".
Writing test snapshot file 
for test "test_reliability_sco
re_oracle" to "test_snapshots\
\test_reliability_score_oracle
.1.json".
test test_reliability_score_oracle ... ok
error: test failed, to rerun 
pass `--test oracle_test`
test test_badge_minting_after_long_cycle ... FAILED

failures:

failures:
    test_badge_minting_after_long_cycle

test result: FAILED. 1 passed; 1 failed; 0 ignored; 0 measured; 0 filtered out; finished in 0.71s

